2026-08-18 03:20:11,893 - aqt.main - INFO - installer 10460 aqtinstall(aqt) v3.3.0 on Python 3.12.9 [CPython MSC v.1942 64 bit (AMD64)]
2026-08-18 03:20:43,703 - aqt.helper - DEBUG - helper 20340 Attempt to download checksum at https://download.qt.io/online/qtsdkrepository/windows_x86/desktop/qt6_672/Updates.xml.sha256
2026-08-18 03:20:54,475 - aqt.main - INFO - installer 10988 aqtinstall(aqt) v3.3.0 on Python 3.12.9 [CPython MSC v.1942 64 bit (AMD64)]
2026-08-18 03:20:54,476 - aqt.helper - DEBUG - helper 10988 Attempt to download checksum at https://download.qt.io/online/qtsdkrepository/windows_x86/desktop/qt6_672/Updates.xml.sha256
2026-08-18 03:20:59,961 - aqt.helper - DEBUG - helper 19996 Attempt to download checksum at https://download.qt.io/online/qtsdkrepository/windows_x86/desktop/qt6_672/qt.qt6.672.win64_mingw/6.7.2-0-202406110335qtbase-Windows-Windows_10_22H2-Mingw-Windows-Windows_10_22H2-X86_64.7z.sha256
2026-08-18 03:20:59,964 - aqt.helper - DEBUG - helper 8144 Attempt to download checksum at https://download.qt.io/online/qtsdkrepository/windows_x86/desktop/qt6_672/qt.qt6.672.addons.qtcharts.win64_mingw/6.7.2-0-202406110335qtcharts-Windows-Windows_10_22H2-Mingw-Windows-Windows_10_22H2-X86_64.7z.sha256
2026-08-18 03:20:59,976 - aqt.helper - DEBUG - helper 16720 Attempt to download checksum at https://download.qt.io/online/qtsdkrepository/windows_x86/desktop/qt6_672/qt.qt6.672.win64_mingw/6.7.2-0-202406110335qtsvg-Windows-Windows_10_22H2-Mingw-Windows-Windows_10_22H2-X86_64.7z.sha256
2026-08-18 03:20:59,995 - aqt.helper - DEBUG - helper 7640 Attempt to download checksum at https://download.qt.io/online/qtsdkrepository/windows_x86/desktop/qt6_672/qt.qt6.672.win64_mingw/6.7.2-0-202406110335qtdeclarative-Windows-Windows_10_22H2-Mingw-Windows-Windows_10_22H2-X86_64.7z.sha256
2026-08-18 03:21:02,429 - aqt.helper - INFO - helper 19996 Downloading qtbase...
2026-08-18 03:21:02,430 - aqt.installer - DEBUG - installer 19996 Download URL: https://download.qt.io/online/qtsdkrepository/windows_x86/desktop/qt6_672/qt.qt6.672.win64_mingw/6.7.2-0-202406110335qtbase-Windows-Windows_10_22H2-Mingw-Windows-Windows_10_22H2-X86_64.7z
2026-08-18 03:21:03,046 - aqt.helper - INFO - helper 8144 Downloading qtcharts...
2026-08-18 03:21:03,046 - aqt.helper - INFO - helper 16720 Downloading qtsvg...
2026-08-18 03:21:03,047 - aqt.helper - INFO - helper 7640 Downloading qtdeclarative...
2026-08-18 03:21:03,047 - aqt.installer - DEBUG - installer 8144 Download URL: https://download.qt.io/online/qtsdkrepository/windows_x86/desktop/qt6_672/qt.qt6.672.addons.qtcharts.win64_mingw/6.7.2-0-202406110335qtcharts-Windows-Windows_10_22H2-Mingw-Windows-Windows_10_22H2-X86_64.7z
2026-08-18 03:21:03,047 - aqt.installer - DEBUG - installer 16720 Download URL: https://download.qt.io/online/qtsdkrepository/windows_x86/desktop/qt6_672/qt.qt6.672.win64_mingw/6.7.2-0-202406110335qtsvg-Windows-Windows_10_22H2-Mingw-Windows-Windows_10_22H2-X86_64.7z
2026-08-18 03:21:03,048 - aqt.installer - DEBUG - installer 7640 Download URL: https://download.qt.io/online/qtsdkrepository/windows_x86/desktop/qt6_672/qt.qt6.672.win64_mingw/6.7.2-0-202406110335qtdeclarative-Windows-Windows_10_22H2-Mingw-Windows-Windows_10_22H2-X86_64.7z
2026-08-18 03:21:04,606 - aqt.helper - DEBUG - helper 19996 Asked to redirect(302) to: https://qt.mirror.constant.com/online/qtsdkrepository/windows_x86/desktop/qt6_672/qt.qt6.672.win64_mingw/6.7.2-0-202406110335qtbase-Windows-Windows_10_22H2-Mingw-Windows-Windows_10_22H2-X86_64.7z
2026-08-18 03:21:04,606 - aqt.helper - INFO - helper 19996 Redirected: qt.mirror.constant.com
2026-08-18 03:21:04,877 - aqt.helper - DEBUG - helper 16720 Asked to redirect(302) to: https://qt.mirror.constant.com/online/qtsdkrepository/windows_x86/desktop/qt6_672/qt.qt6.672.win64_mingw/6.7.2-0-202406110335qtsvg-Windows-Windows_10_22H2-Mingw-Windows-Windows_10_22H2-X86_64.7z
2026-08-18 03:21:04,878 - aqt.helper - INFO - helper 16720 Redirected: qt.mirror.constant.com
2026-08-18 03:21:04,945 - aqt.helper - DEBUG - helper 7640 Asked to redirect(302) to: https://qt.mirror.constant.com/online/qtsdkrepository/windows_x86/desktop/qt6_672/qt.qt6.672.win64_mingw/6.7.2-0-202406110335qtdeclarative-Windows-Windows_10_22H2-Mingw-Windows-Windows_10_22H2-X86_64.7z
2026-08-18 03:21:04,945 - aqt.helper - INFO - helper 7640 Redirected: qt.mirror.constant.com
2026-08-18 03:21:05,126 - aqt.helper - DEBUG - helper 8144 Asked to redirect(302) to: https://qt.mirror.constant.com/online/qtsdkrepository/windows_x86/desktop/qt6_672/qt.qt6.672.addons.qtcharts.win64_mingw/6.7.2-0-202406110335qtcharts-Windows-Windows_10_22H2-Mingw-Windows-Windows_10_22H2-X86_64.7z
2026-08-18 03:21:05,126 - aqt.helper - INFO - helper 8144 Redirected: qt.mirror.constant.com
2026-08-18 03:21:08,257 - aqt.installer - INFO - installer 16720 Finished installation of qtsvg-Windows-Windows_10_22H2-Mingw-Windows-Windows_10_22H2-X86_64.7z in 8.28720870
2026-08-18 03:21:08,281 - aqt.helper - DEBUG - helper 16720 Attempt to download checksum at https://download.qt.io/online/qtsdkrepository/windows_x86/desktop/qt6_672/qt.qt6.672.win64_mingw/6.7.2-0-202406110335qttools-Windows-Windows_10_22H2-Mingw-Windows-Windows_10_22H2-X86_64.7z.sha256
2026-08-18 03:21:10,368 - aqt.helper - INFO - helper 16720 Downloading qttools...
2026-08-18 03:21:10,368 - aqt.installer - DEBUG - installer 16720 Download URL: https://download.qt.io/online/qtsdkrepository/windows_x86/desktop/qt6_672/qt.qt6.672.win64_mingw/6.7.2-0-202406110335qttools-Windows-Windows_10_22H2-Mingw-Windows-Windows_10_22H2-X86_64.7z
2026-08-18 03:21:11,798 - aqt.installer - INFO - installer 8144 Finished installation of qtcharts-Windows-Windows_10_22H2-Mingw-Windows-Windows_10_22H2-X86_64.7z in 11.83992910
2026-08-18 03:21:11,830 - aqt.helper - DEBUG - helper 8144 Attempt to download checksum at https://download.qt.io/online/qtsdkrepository/windows_x86/desktop/qt6_672/qt.qt6.672.win64_mingw/6.7.2-0-202406110335qttranslations-Windows-Windows_10_22H2-Mingw-Windows-Windows_10_22H2-X86_64.7z.sha256
2026-08-18 03:21:15,267 - aqt.helper - DEBUG - helper 16720 Asked to redirect(302) to: https://qt.mirror.constant.com/online/qtsdkrepository/windows_x86/desktop/qt6_672/qt.qt6.672.win64_mingw/6.7.2-0-202406110335qttools-Windows-Windows_10_22H2-Mingw-Windows-Windows_10_22H2-X86_64.7z
2026-08-18 03:21:15,267 - aqt.helper - INFO - helper 16720 Redirected: qt.mirror.constant.com
2026-08-18 03:21:17,829 - aqt.helper - INFO - helper 8144 Downloading qttranslations...
2026-08-18 03:21:17,830 - aqt.installer - DEBUG - installer 8144 Download URL: https://download.qt.io/online/qtsdkrepository/windows_x86/desktop/qt6_672/qt.qt6.672.win64_mingw/6.7.2-0-202406110335qttranslations-Windows-Windows_10_22H2-Mingw-Windows-Windows_10_22H2-X86_64.7z
2026-08-18 03:21:21,731 - aqt.helper - DEBUG - helper 8144 Asked to redirect(302) to: https://qt.mirror.constant.com/online/qtsdkrepository/windows_x86/desktop/qt6_672/qt.qt6.672.win64_mingw/6.7.2-0-202406110335qttranslations-Windows-Windows_10_22H2-Mingw-Windows-Windows_10_22H2-X86_64.7z
2026-08-18 03:21:21,731 - aqt.helper - INFO - helper 8144 Redirected: qt.mirror.constant.com
2026-08-18 03:21:31,157 - aqt.installer - INFO - installer 8144 Finished installation of qttranslations-Windows-Windows_10_22H2-Mingw-Windows-Windows_10_22H2-X86_64.7z in 19.33343010
2026-08-18 03:21:31,180 - aqt.helper - DEBUG - helper 8144 Attempt to download checksum at https://download.qt.io/online/qtsdkrepository/windows_x86/desktop/qt6_672/qt.qt6.672.win64_mingw/6.7.2-0-202406110335MinGW-w64-x86_64-11.2.0-release-posix-seh-rt_v9-rev1-runtime.7z.sha256
2026-08-18 03:21:32,917 - aqt.helper - INFO - helper 8144 Downloading MinGW...
2026-08-18 03:21:32,917 - aqt.installer - DEBUG - installer 8144 Download URL: https://download.qt.io/online/qtsdkrepository/windows_x86/desktop/qt6_672/qt.qt6.672.win64_mingw/6.7.2-0-202406110335MinGW-w64-x86_64-11.2.0-release-posix-seh-rt_v9-rev1-runtime.7z
2026-08-18 03:21:34,488 - aqt.helper - DEBUG - helper 8144 Asked to redirect(302) to: https://qt.mirror.constant.com/online/qtsdkrepository/windows_x86/desktop/qt6_672/qt.qt6.672.win64_mingw/6.7.2-0-202406110335MinGW-w64-x86_64-11.2.0-release-posix-seh-rt_v9-rev1-runtime.7z
2026-08-18 03:21:34,488 - aqt.helper - INFO - helper 8144 Redirected: qt.mirror.constant.com
2026-08-18 03:21:39,487 - aqt.installer - INFO - installer 8144 Finished installation of MinGW-w64-x86_64-11.2.0-release-posix-seh-rt_v9-rev1-runtime.7z in 8.31050700
2026-08-18 03:21:39,510 - aqt.helper - DEBUG - helper 8144 Attempt to download checksum at https://download.qt.io/online/qtsdkrepository/windows_x86/desktop/qt6_672/qt.qt6.672.win64_mingw/6.7.2-0-202406110335d3dcompiler_47-x64.7z.sha256
2026-08-18 03:21:41,382 - aqt.helper - INFO - helper 8144 Downloading d3dcompiler_47...
2026-08-18 03:21:41,382 - aqt.installer - DEBUG - installer 8144 Download URL: https://download.qt.io/online/qtsdkrepository/windows_x86/desktop/qt6_672/qt.qt6.672.win64_mingw/6.7.2-0-202406110335d3dcompiler_47-x64.7z
2026-08-18 03:21:43,673 - aqt.helper - DEBUG - helper 8144 Asked to redirect(302) to: https://qt.mirror.constant.com/online/qtsdkrepository/windows_x86/desktop/qt6_672/qt.qt6.672.win64_mingw/6.7.2-0-202406110335d3dcompiler_47-x64.7z
2026-08-18 03:21:43,673 - aqt.helper - INFO - helper 8144 Redirected: qt.mirror.constant.com
2026-08-18 03:21:53,364 - aqt.installer - INFO - installer 19996 Finished installation of qtbase-Windows-Windows_10_22H2-Mingw-Windows-Windows_10_22H2-X86_64.7z in 53.41107160
2026-08-18 03:21:53,401 - aqt.helper - DEBUG - helper 19996 Attempt to download checksum at https://download.qt.io/online/qtsdkrepository/windows_x86/desktop/qt6_672/qt.qt6.672.win64_mingw/6.7.2-0-202406110335opengl32sw-64-mesa_11_2_2-signed_sha256.7z.sha256
2026-08-18 03:21:56,129 - aqt.helper - INFO - helper 19996 Downloading opengl32sw...
2026-08-18 03:21:56,129 - aqt.installer - DEBUG - installer 19996 Download URL: https://download.qt.io/online/qtsdkrepository/windows_x86/desktop/qt6_672/qt.qt6.672.win64_mingw/6.7.2-0-202406110335opengl32sw-64-mesa_11_2_2-signed_sha256.7z
2026-08-18 03:21:58,343 - aqt.helper - DEBUG - helper 19996 Asked to redirect(302) to: https://qt.mirror.constant.com/online/qtsdkrepository/windows_x86/desktop/qt6_672/qt.qt6.672.win64_mingw/6.7.2-0-202406110335opengl32sw-64-mesa_11_2_2-signed_sha256.7z
2026-08-18 03:21:58,343 - aqt.helper - INFO - helper 19996 Redirected: qt.mirror.constant.com
2026-08-18 03:22:01,327 - aqt.installer - INFO - installer 8144 Finished installation of d3dcompiler_47-x64.7z in 21.82044390
2026-08-18 03:22:14,777 - aqt.installer - INFO - installer 19996 Finished installation of opengl32sw-64-mesa_11_2_2-signed_sha256.7z in 21.38212520
2026-08-18 03:22:41,563 - aqt.installer - INFO - installer 16720 Finished installation of qttools-Windows-Windows_10_22H2-Mingw-Windows-Windows_10_22H2-X86_64.7z in 93.28784680
2026-08-18 03:23:20,564 - aqt.installer - INFO - installer 7640 Finished installation of qtdeclarative-Windows-Windows_10_22H2-Mingw-Windows-Windows_10_22H2-X86_64.7z in 140.57363950
2026-08-18 03:23:23,349 - aqt.updater - INFO - updater 10988 Patching D:\Qt\6.7.2\mingw_64\bin\qmake.exe
2026-08-18 03:23:23,362 - aqt.updater - INFO - updater 10988 Patching D:\Qt\6.7.2\mingw_64\lib\pkgconfig\Qt6Charts.pc
2026-08-18 03:23:23,364 - aqt.updater - INFO - updater 10988 Patching D:\Qt\6.7.2\mingw_64\lib\pkgconfig\Qt6ChartsQml.pc
2026-08-18 03:23:23,366 - aqt.updater - INFO - updater 10988 Patching D:\Qt\6.7.2\mingw_64\lib\pkgconfig\Qt6Concurrent.pc
2026-08-18 03:23:23,370 - aqt.updater - INFO - updater 10988 Patching D:\Qt\6.7.2\mingw_64\lib\pkgconfig\Qt6Core.pc
2026-08-18 03:23:23,371 - aqt.updater - INFO - updater 10988 Patching D:\Qt\6.7.2\mingw_64\lib\pkgconfig\Qt6DBus.pc
2026-08-18 03:23:23,374 - aqt.updater - INFO - updater 10988 Patching D:\Qt\6.7.2\mingw_64\lib\pkgconfig\Qt6Designer.pc
2026-08-18 03:23:23,377 - aqt.updater - INFO - updater 10988 Patching D:\Qt\6.7.2\mingw_64\lib\pkgconfig\Qt6Gui.pc
2026-08-18 03:23:23,379 - aqt.updater - INFO - updater 10988 Patching D:\Qt\6.7.2\mingw_64\lib\pkgconfig\Qt6Help.pc
2026-08-18 03:23:23,382 - aqt.updater - INFO - updater 10988 Patching D:\Qt\6.7.2\mingw_64\lib\pkgconfig\Qt6LabsAnimation.pc
2026-08-18 03:23:23,384 - aqt.updater - INFO - updater 10988 Patching D:\Qt\6.7.2\mingw_64\lib\pkgconfig\Qt6LabsFolderListModel.pc
2026-08-18 03:23:23,386 - aqt.updater - INFO - updater 10988 Patching D:\Qt\6.7.2\mingw_64\lib\pkgconfig\Qt6LabsQmlModels.pc
2026-08-18 03:23:23,388 - aqt.updater - INFO - updater 10988 Patching D:\Qt\6.7.2\mingw_64\lib\pkgconfig\Qt6LabsSettings.pc
2026-08-18 03:23:23,390 - aqt.updater - INFO - updater 10988 Patching D:\Qt\6.7.2\mingw_64\lib\pkgconfig\Qt6LabsSharedImage.pc
2026-08-18 03:23:23,395 - aqt.updater - INFO - updater 10988 Patching D:\Qt\6.7.2\mingw_64\lib\pkgconfig\Qt6LabsWavefrontMesh.pc
2026-08-18 03:23:23,397 - aqt.updater - INFO - updater 10988 Patching D:\Qt\6.7.2\mingw_64\lib\pkgconfig\Qt6Linguist.pc
2026-08-18 03:23:23,400 - aqt.updater - INFO - updater 10988 Patching D:\Qt\6.7.2\mingw_64\lib\pkgconfig\Qt6Network.pc
2026-08-18 03:23:23,402 - aqt.updater - INFO - updater 10988 Patching D:\Qt\6.7.2\mingw_64\lib\pkgconfig\Qt6OpenGL.pc
2026-08-18 03:23:23,404 - aqt.updater - INFO - updater 10988 Patching D:\Qt\6.7.2\mingw_64\lib\pkgconfig\Qt6OpenGLWidgets.pc
2026-08-18 03:23:23,406 - aqt.updater - INFO - updater 10988 Patching D:\Qt\6.7.2\mingw_64\lib\pkgconfig\Qt6Platform.pc
2026-08-18 03:23:23,408 - aqt.updater - INFO - updater 10988 Patching D:\Qt\6.7.2\mingw_64\lib\pkgconfig\Qt6PrintSupport.pc
2026-08-18 03:23:23,411 - aqt.updater - INFO - updater 10988 Patching D:\Qt\6.7.2\mingw_64\lib\pkgconfig\Qt6Qml.pc
2026-08-18 03:23:23,412 - aqt.updater - INFO - updater 10988 Patching D:\Qt\6.7.2\mingw_64\lib\pkgconfig\Qt6QmlBuiltins.pc
2026-08-18 03:23:23,414 - aqt.updater - INFO - updater 10988 Patching D:\Qt\6.7.2\mingw_64\lib\pkgconfig\Qt6QmlCompiler.pc
2026-08-18 03:23:23,417 - aqt.updater - INFO - updater 10988 Patching D:\Qt\6.7.2\mingw_64\lib\pkgconfig\Qt6QmlCore.pc
2026-08-18 03:23:23,419 - aqt.updater - INFO - updater 10988 Patching D:\Qt\6.7.2\mingw_64\lib\pkgconfig\Qt6QmlIntegration.pc
2026-08-18 03:23:23,420 - aqt.updater - INFO - updater 10988 Patching D:\Qt\6.7.2\mingw_64\lib\pkgconfig\Qt6QmlLocalStorage.pc
2026-08-18 03:23:23,422 - aqt.updater - INFO - updater 10988 Patching D:\Qt\6.7.2\mingw_64\lib\pkgconfig\Qt6QmlModels.pc
2026-08-18 03:23:23,425 - aqt.updater - INFO - updater 10988 Patching D:\Qt\6.7.2\mingw_64\lib\pkgconfig\Qt6QmlNetwork.pc
2026-08-18 03:23:23,427 - aqt.updater - INFO - updater 10988 Patching D:\Qt\6.7.2\mingw_64\lib\pkgconfig\Qt6QmlWorkerScript.pc
2026-08-18 03:23:23,429 - aqt.updater - INFO - updater 10988 Patching D:\Qt\6.7.2\mingw_64\lib\pkgconfig\Qt6QmlXmlListModel.pc
2026-08-18 03:23:23,432 - aqt.updater - INFO - updater 10988 Patching D:\Qt\6.7.2\mingw_64\lib\pkgconfig\Qt6Quick.pc
2026-08-18 03:23:23,434 - aqt.updater - INFO - updater 10988 Patching D:\Qt\6.7.2\mingw_64\lib\pkgconfig\Qt6QuickControls2.pc
2026-08-18 03:23:23,442 - aqt.updater - INFO - updater 10988 Patching D:\Qt\6.7.2\mingw_64\lib\pkgconfig\Qt6QuickControls2Basic.pc
2026-08-18 03:23:23,444 - aqt.updater - INFO - updater 10988 Patching D:\Qt\6.7.2\mingw_64\lib\pkgconfig\Qt6QuickControls2BasicStyleImpl.pc
2026-08-18 03:23:23,447 - aqt.updater - INFO - updater 10988 Patching D:\Qt\6.7.2\mingw_64\lib\pkgconfig\Qt6QuickControls2Fusion.pc
2026-08-18 03:23:23,449 - aqt.updater - INFO - updater 10988 Patching D:\Qt\6.7.2\mingw_64\lib\pkgconfig\Qt6QuickControls2FusionStyleImpl.pc
2026-08-18 03:23:23,452 - aqt.updater - INFO - updater 10988 Patching D:\Qt\6.7.2\mingw_64\lib\pkgconfig\Qt6QuickControls2Imagine.pc
2026-08-18 03:23:23,454 - aqt.updater - INFO - updater 10988 Patching D:\Qt\6.7.2\mingw_64\lib\pkgconfig\Qt6QuickControls2ImagineStyleImpl.pc
2026-08-18 03:23:23,456 - aqt.updater - INFO - updater 10988 Patching D:\Qt\6.7.2\mingw_64\lib\pkgconfig\Qt6QuickControls2Impl.pc
2026-08-18 03:23:23,458 - aqt.updater - INFO - updater 10988 Patching D:\Qt\6.7.2\mingw_64\lib\pkgconfig\Qt6QuickControls2Material.pc
2026-08-18 03:23:23,463 - aqt.updater - INFO - updater 10988 Patching D:\Qt\6.7.2\mingw_64\lib\pkgconfig\Qt6QuickControls2MaterialStyleImpl.pc
2026-08-18 03:23:23,465 - aqt.updater - INFO - updater 10988 Patching D:\Qt\6.7.2\mingw_64\lib\pkgconfig\Qt6QuickControls2Universal.pc
2026-08-18 03:23:23,467 - aqt.updater - INFO - updater 10988 Patching D:\Qt\6.7.2\mingw_64\lib\pkgconfig\Qt6QuickControls2UniversalStyleImpl.pc
2026-08-18 03:23:23,468 - aqt.updater - INFO - updater 10988 Patching D:\Qt\6.7.2\mingw_64\lib\pkgconfig\Qt6QuickControls2WindowsStyleImpl.pc
2026-08-18 03:23:23,471 - aqt.updater - INFO - updater 10988 Patching D:\Qt\6.7.2\mingw_64\lib\pkgconfig\Qt6QuickDialogs2.pc
2026-08-18 03:23:23,473 - aqt.updater - INFO - updater 10988 Patching D:\Qt\6.7.2\mingw_64\lib\pkgconfig\Qt6QuickDialogs2QuickImpl.pc
2026-08-18 03:23:23,474 - aqt.updater - INFO - updater 10988 Patching D:\Qt\6.7.2\mingw_64\lib\pkgconfig\Qt6QuickDialogs2Utils.pc
2026-08-18 03:23:23,476 - aqt.updater - INFO - updater 10988 Patching D:\Qt\6.7.2\mingw_64\lib\pkgconfig\Qt6QuickLayouts.pc
2026-08-18 03:23:23,478 - aqt.updater - INFO - updater 10988 Patching D:\Qt\6.7.2\mingw_64\lib\pkgconfig\Qt6QuickTemplates2.pc
2026-08-18 03:23:23,481 - aqt.updater - INFO - updater 10988 Patching D:\Qt\6.7.2\mingw_64\lib\pkgconfig\Qt6QuickTest.pc
2026-08-18 03:23:23,483 - aqt.updater - INFO - updater 10988 Patching D:\Qt\6.7.2\mingw_64\lib\pkgconfig\Qt6QuickWidgets.pc
2026-08-18 03:23:23,488 - aqt.updater - INFO - updater 10988 Patching D:\Qt\6.7.2\mingw_64\lib\pkgconfig\Qt6Sql.pc
2026-08-18 03:23:23,491 - aqt.updater - INFO - updater 10988 Patching D:\Qt\6.7.2\mingw_64\lib\pkgconfig\Qt6Svg.pc
2026-08-18 03:23:23,493 - aqt.updater - INFO - updater 10988 Patching D:\Qt\6.7.2\mingw_64\lib\pkgconfig\Qt6SvgWidgets.pc
2026-08-18 03:23:23,496 - aqt.updater - INFO - updater 10988 Patching D:\Qt\6.7.2\mingw_64\lib\pkgconfig\Qt6Test.pc
2026-08-18 03:23:23,497 - aqt.updater - INFO - updater 10988 Patching D:\Qt\6.7.2\mingw_64\lib\pkgconfig\Qt6UiPlugin.pc
2026-08-18 03:23:23,499 - aqt.updater - INFO - updater 10988 Patching D:\Qt\6.7.2\mingw_64\lib\pkgconfig\Qt6UiTools.pc
2026-08-18 03:23:23,501 - aqt.updater - INFO - updater 10988 Patching D:\Qt\6.7.2\mingw_64\lib\pkgconfig\Qt6Widgets.pc
2026-08-18 03:23:23,504 - aqt.updater - INFO - updater 10988 Patching D:\Qt\6.7.2\mingw_64\lib\pkgconfig\Qt6Xml.pc
2026-08-18 03:23:23,508 - aqt.updater - INFO - updater 10988 Patching D:\Qt\6.7.2\mingw_64\lib\Qt6Charts.prl
2026-08-18 03:23:23,513 - aqt.updater - INFO - updater 10988 Patching D:\Qt\6.7.2\mingw_64\lib\Qt6ChartsQml.prl
2026-08-18 03:23:23,515 - aqt.updater - INFO - updater 10988 Patching D:\Qt\6.7.2\mingw_64\lib\Qt6Concurrent.prl
2026-08-18 03:23:23,517 - aqt.updater - INFO - updater 10988 Patching D:\Qt\6.7.2\mingw_64\lib\Qt6Core.prl
2026-08-18 03:23:23,519 - aqt.updater - INFO - updater 10988 Patching D:\Qt\6.7.2\mingw_64\lib\Qt6DBus.prl
2026-08-18 03:23:23,521 - aqt.updater - INFO - updater 10988 Patching D:\Qt\6.7.2\mingw_64\lib\Qt6Designer.prl
2026-08-18 03:23:23,523 - aqt.updater - INFO - updater 10988 Patching D:\Qt\6.7.2\mingw_64\lib\Qt6DesignerComponents.prl
2026-08-18 03:23:23,525 - aqt.updater - INFO - updater 10988 Patching D:\Qt\6.7.2\mingw_64\lib\Qt6DeviceDiscoverySupport.prl
2026-08-18 03:23:23,529 - aqt.updater - INFO - updater 10988 Patching D:\Qt\6.7.2\mingw_64\lib\Qt6EntryPoint.prl
2026-08-18 03:23:23,532 - aqt.updater - INFO - updater 10988 Patching D:\Qt\6.7.2\mingw_64\lib\Qt6ExampleIcons.prl
2026-08-18 03:23:23,533 - aqt.updater - INFO - updater 10988 Patching D:\Qt\6.7.2\mingw_64\lib\Qt6FbSupport.prl
2026-08-18 03:23:23,536 - aqt.updater - INFO - updater 10988 Patching D:\Qt\6.7.2\mingw_64\lib\Qt6Gui.prl
2026-08-18 03:23:23,538 - aqt.updater - INFO - updater 10988 Patching D:\Qt\6.7.2\mingw_64\lib\Qt6Help.prl
2026-08-18 03:23:23,540 - aqt.updater - INFO - updater 10988 Patching D:\Qt\6.7.2\mingw_64\lib\Qt6LabsAnimation.prl
2026-08-18 03:23:23,542 - aqt.updater - INFO - updater 10988 Patching D:\Qt\6.7.2\mingw_64\lib\Qt6LabsFolderListModel.prl
2026-08-18 03:23:23,544 - aqt.updater - INFO - updater 10988 Patching D:\Qt\6.7.2\mingw_64\lib\Qt6LabsQmlModels.prl
2026-08-18 03:23:23,547 - aqt.updater - INFO - updater 10988 Patching D:\Qt\6.7.2\mingw_64\lib\Qt6LabsSettings.prl
2026-08-18 03:23:23,549 - aqt.updater - INFO - updater 10988 Patching D:\Qt\6.7.2\mingw_64\lib\Qt6LabsSharedImage.prl
2026-08-18 03:23:23,551 - aqt.updater - INFO - updater 10988 Patching D:\Qt\6.7.2\mingw_64\lib\Qt6LabsWavefrontMesh.prl
2026-08-18 03:23:23,554 - aqt.updater - INFO - updater 10988 Patching D:\Qt\6.7.2\mingw_64\lib\Qt6Network.prl
2026-08-18 03:23:23,555 - aqt.updater - INFO - updater 10988 Patching D:\Qt\6.7.2\mingw_64\lib\Qt6OpenGL.prl
2026-08-18 03:23:23,557 - aqt.updater - INFO - updater 10988 Patching D:\Qt\6.7.2\mingw_64\lib\Qt6OpenGLWidgets.prl
2026-08-18 03:23:23,559 - aqt.updater - INFO - updater 10988 Patching D:\Qt\6.7.2\mingw_64\lib\Qt6PacketProtocol.prl
2026-08-18 03:23:23,562 - aqt.updater - INFO - updater 10988 Patching D:\Qt\6.7.2\mingw_64\lib\Qt6PrintSupport.prl
2026-08-18 03:23:23,565 - aqt.updater - INFO - updater 10988 Patching D:\Qt\6.7.2\mingw_64\lib\Qt6Qml.prl
2026-08-18 03:23:23,567 - aqt.updater - INFO - updater 10988 Patching D:\Qt\6.7.2\mingw_64\lib\Qt6QmlBuiltins.prl
2026-08-18 03:23:23,569 - aqt.updater - INFO - updater 10988 Patching D:\Qt\6.7.2\mingw_64\lib\Qt6QmlCompiler.prl
2026-08-18 03:23:23,571 - aqt.updater - INFO - updater 10988 Patching D:\Qt\6.7.2\mingw_64\lib\Qt6QmlCore.prl
2026-08-18 03:23:23,572 - aqt.updater - INFO - updater 10988 Patching D:\Qt\6.7.2\mingw_64\lib\Qt6QmlDebug.prl
2026-08-18 03:23:23,575 - aqt.updater - INFO - updater 10988 Patching D:\Qt\6.7.2\mingw_64\lib\Qt6QmlDom.prl
2026-08-18 03:23:23,578 - aqt.updater - INFO - updater 10988 Patching D:\Qt\6.7.2\mingw_64\lib\Qt6QmlLocalStorage.prl
2026-08-18 03:23:23,581 - aqt.updater - INFO - updater 10988 Patching D:\Qt\6.7.2\mingw_64\lib\Qt6QmlLS.prl
2026-08-18 03:23:23,583 - aqt.updater - INFO - updater 10988 Patching D:\Qt\6.7.2\mingw_64\lib\Qt6QmlModels.prl
2026-08-18 03:23:23,586 - aqt.updater - INFO - updater 10988 Patching D:\Qt\6.7.2\mingw_64\lib\Qt6QmlNetwork.prl
2026-08-18 03:23:23,588 - aqt.updater - INFO - updater 10988 Patching D:\Qt\6.7.2\mingw_64\lib\Qt6QmlToolingSettings.prl
2026-08-18 03:23:23,589 - aqt.updater - INFO - updater 10988 Patching D:\Qt\6.7.2\mingw_64\lib\Qt6QmlTypeRegistrar.prl
2026-08-18 03:23:23,591 - aqt.updater - INFO - updater 10988 Patching D:\Qt\6.7.2\mingw_64\lib\Qt6QmlWorkerScript.prl
2026-08-18 03:23:23,595 - aqt.updater - INFO - updater 10988 Patching D:\Qt\6.7.2\mingw_64\lib\Qt6QmlXmlListModel.prl
2026-08-18 03:23:23,598 - aqt.updater - INFO - updater 10988 Patching D:\Qt\6.7.2\mingw_64\lib\Qt6Quick.prl
2026-08-18 03:23:23,599 - aqt.updater - INFO - updater 10988 Patching D:\Qt\6.7.2\mingw_64\lib\Qt6QuickControls2.prl
2026-08-18 03:23:23,602 - aqt.updater - INFO - updater 10988 Patching D:\Qt\6.7.2\mingw_64\lib\Qt6QuickControls2Basic.prl
2026-08-18 03:23:23,604 - aqt.updater - INFO - updater 10988 Patching D:\Qt\6.7.2\mingw_64\lib\Qt6QuickControls2BasicStyleImpl.prl
2026-08-18 03:23:23,606 - aqt.updater - INFO - updater 10988 Patching D:\Qt\6.7.2\mingw_64\lib\Qt6QuickControls2Fusion.prl
2026-08-18 03:23:23,608 - aqt.updater - INFO - updater 10988 Patching D:\Qt\6.7.2\mingw_64\lib\Qt6QuickControls2FusionStyleImpl.prl
2026-08-18 03:23:23,611 - aqt.updater - INFO - updater 10988 Patching D:\Qt\6.7.2\mingw_64\lib\Qt6QuickControls2Imagine.prl
2026-08-18 03:23:23,613 - aqt.updater - INFO - updater 10988 Patching D:\Qt\6.7.2\mingw_64\lib\Qt6QuickControls2ImagineStyleImpl.prl
2026-08-18 03:23:23,616 - aqt.updater - INFO - updater 10988 Patching D:\Qt\6.7.2\mingw_64\lib\Qt6QuickControls2Impl.prl
2026-08-18 03:23:23,619 - aqt.updater - INFO - updater 10988 Patching D:\Qt\6.7.2\mingw_64\lib\Qt6QuickControls2Material.prl
2026-08-18 03:23:23,622 - aqt.updater - INFO - updater 10988 Patching D:\Qt\6.7.2\mingw_64\lib\Qt6QuickControls2MaterialStyleImpl.prl
2026-08-18 03:23:23,630 - aqt.updater - INFO - updater 10988 Patching D:\Qt\6.7.2\mingw_64\lib\Qt6QuickControls2Universal.prl
2026-08-18 03:23:23,635 - aqt.updater - INFO - updater 10988 Patching D:\Qt\6.7.2\mingw_64\lib\Qt6QuickControls2UniversalStyleImpl.prl
2026-08-18 03:23:23,641 - aqt.updater - INFO - updater 10988 Patching D:\Qt\6.7.2\mingw_64\lib\Qt6QuickControls2WindowsStyleImpl.prl
2026-08-18 03:23:23,647 - aqt.updater - INFO - updater 10988 Patching D:\Qt\6.7.2\mingw_64\lib\Qt6QuickControlsTestUtils.prl
2026-08-18 03:23:23,650 - aqt.updater - INFO - updater 10988 Patching D:\Qt\6.7.2\mingw_64\lib\Qt6QuickDialogs2.prl
2026-08-18 03:23:23,653 - aqt.updater - INFO - updater 10988 Patching D:\Qt\6.7.2\mingw_64\lib\Qt6QuickDialogs2QuickImpl.prl
2026-08-18 03:23:23,655 - aqt.updater - INFO - updater 10988 Patching D:\Qt\6.7.2\mingw_64\lib\Qt6QuickDialogs2Utils.prl
2026-08-18 03:23:23,657 - aqt.updater - INFO - updater 10988 Patching D:\Qt\6.7.2\mingw_64\lib\Qt6QuickEffects.prl
2026-08-18 03:23:23,659 - aqt.updater - INFO - updater 10988 Patching D:\Qt\6.7.2\mingw_64\lib\Qt6QuickLayouts.prl
2026-08-18 03:23:23,662 - aqt.updater - INFO - updater 10988 Patching D:\Qt\6.7.2\mingw_64\lib\Qt6QuickParticles.prl
2026-08-18 03:23:23,664 - aqt.updater - INFO - updater 10988 Patching D:\Qt\6.7.2\mingw_64\lib\Qt6QuickShapes.prl
2026-08-18 03:23:23,667 - aqt.updater - INFO - updater 10988 Patching D:\Qt\6.7.2\mingw_64\lib\Qt6QuickTemplates2.prl
2026-08-18 03:23:23,669 - aqt.updater - INFO - updater 10988 Patching D:\Qt\6.7.2\mingw_64\lib\Qt6QuickTest.prl
2026-08-18 03:23:23,672 - aqt.updater - INFO - updater 10988 Patching D:\Qt\6.7.2\mingw_64\lib\Qt6QuickTestUtils.prl
2026-08-18 03:23:23,674 - aqt.updater - INFO - updater 10988 Patching D:\Qt\6.7.2\mingw_64\lib\Qt6QuickWidgets.prl
2026-08-18 03:23:23,676 - aqt.updater - INFO - updater 10988 Patching D:\Qt\6.7.2\mingw_64\lib\Qt6Sql.prl
2026-08-18 03:23:23,683 - aqt.updater - INFO - updater 10988 Patching D:\Qt\6.7.2\mingw_64\lib\Qt6Svg.prl
2026-08-18 03:23:23,684 - aqt.updater - INFO - updater 10988 Patching D:\Qt\6.7.2\mingw_64\lib\Qt6SvgWidgets.prl
2026-08-18 03:23:23,687 - aqt.updater - INFO - updater 10988 Patching D:\Qt\6.7.2\mingw_64\lib\Qt6Test.prl
2026-08-18 03:23:23,689 - aqt.updater - INFO - updater 10988 Patching D:\Qt\6.7.2\mingw_64\lib\Qt6UiTools.prl
2026-08-18 03:23:23,691 - aqt.updater - INFO - updater 10988 Patching D:\Qt\6.7.2\mingw_64\lib\Qt6Widgets.prl
2026-08-18 03:23:23,694 - aqt.updater - INFO - updater 10988 Patching D:\Qt\6.7.2\mingw_64\lib\Qt6Xml.prl
2026-08-18 03:23:23,699 - aqt.main - INFO - installer 10988 Finished installation
2026-08-18 03:23:23,699 - aqt.main - INFO - installer 10988 Time elapsed: 149.22490400 second
